---
source: crates/synth-place/tests/snapshots.rs
assertion_line: 88
expression: snapshot
---
board_outline_mm: 114.04 x 95.21

  U1  (  56.85,   47.31) mm  rot=Zero layer=Top
  U2  (  30.15,   32.81) mm  rot=Zero layer=Top
  U3  (  84.45,   32.91) mm  rot=Zero layer=Top
  U4  (  84.45,   44.91) mm  rot=Zero layer=Top
  U5  (  89.45,   69.91) mm  rot=Zero layer=Top
  U6  (  84.16,   56.75) mm  rot=Zero layer=Top
  U7  (  82.16,   68.75) mm  rot=Zero layer=Top
  U8  (  84.25,   82.01) mm  rot=Zero layer=Top
  U9  (  83.95,   89.16) mm  rot=Zero layer=Top
  J1  (  30.07,    9.36) mm  rot=OneEighty layer=Top
  J2  (   9.60,   31.66) mm  rot=Ninety layer=Top
  J3  (   9.60,   44.66) mm  rot=Ninety layer=Top
  J4  (   6.52,   50.98) mm  rot=Zero layer=Top
  J5  ( 107.52,   46.98) mm  rot=Zero layer=Top
  Y1  (  30.25,   18.71) mm  rot=Zero layer=Top
 SW1  (  57.90,   59.61) mm  rot=Zero layer=Top
 SW2  (  43.07,   50.30) mm  rot=Zero layer=Top
  C1  (  46.15,   40.96) mm  rot=Zero layer=Top
  C2  (  59.65,   37.46) mm  rot=Zero layer=Top
  C3  (  67.49,   48.32) mm  rot=Zero layer=Top
  D1  (  67.68,   35.00) mm  rot=Zero layer=Top
  D2  (  44.25,   34.48) mm  rot=Zero layer=Top
  D3  (  45.39,   59.03) mm  rot=Zero layer=Top
  D4  (  69.42,   61.03) mm  rot=Zero layer=Top
  D5  (  40.50,   65.07) mm  rot=Zero layer=Top
  D6  (  56.37,   31.23) mm  rot=Zero layer=Top
  D7  (  56.40,   68.54) mm  rot=Zero layer=Top
  R1  (  74.53,   67.02) mm  rot=Zero layer=Top
  R2  (  33.61,   71.17) mm  rot=Zero layer=Top
  R3  (  75.65,   53.87) mm  rot=Zero layer=Top
  R4  (  68.29,   41.83) mm  rot=Zero layer=Top
  R5  (  60.76,   24.89) mm  rot=Zero layer=Top
  R6  (  74.71,   28.42) mm  rot=Zero layer=Top
  R7  (  64.93,   68.25) mm  rot=Zero layer=Top
  R8  (  91.56,   57.06) mm  rot=Zero layer=Top
  R9  (  31.71,   56.88) mm  rot=Zero layer=Top
 R10  (  31.69,   43.24) mm  rot=Zero layer=Top
 R11  (  48.01,   28.28) mm  rot=Zero layer=Top
 R12  (  56.32,   74.64) mm  rot=Zero layer=Top
 R13  (  30.35,   77.44) mm  rot=Zero layer=Top
 R14  (  79.04,   75.78) mm  rot=Zero layer=Top
 R15  (  82.56,   24.47) mm  rot=Zero layer=Top
 R16  (  56.30,   81.02) mm  rot=Zero layer=Top
 R17  (  26.32,   83.86) mm  rot=Zero layer=Top
 R18  (  23.96,   54.75) mm  rot=Zero layer=Top
  C4  (  54.59,   87.25) mm  rot=Zero layer=Top
  C5  (  20.61,   21.65) mm  rot=Zero layer=Top
  C6  (  18.71,   89.73) mm  rot=Zero layer=Top
  C7  (  52.81,   22.15) mm  rot=Zero layer=Top
  C8  (  16.33,   54.79) mm  rot=Zero layer=Top
  C9  (  71.44,   74.29) mm  rot=Zero layer=Top
 C10  (  89.26,   18.02) mm  rot=Zero layer=Top
 C11  (  56.12,   15.92) mm  rot=Zero layer=Top
 C12  (  15.41,   15.49) mm  rot=Zero layer=Top
 C13  (  31.96,   49.64) mm  rot=Zero layer=Top
 C14  (  92.20,   87.14) mm  rot=Zero layer=Top
 C15  (  94.37,   50.81) mm  rot=Zero layer=Top
 C16  (  95.41,   11.76) mm  rot=Zero layer=Top
 C17  (  54.79,    9.89) mm  rot=Zero layer=Top
 C18  (  17.09,    9.14) mm  rot=Zero layer=Top
 C19  (  23.93,   48.48) mm  rot=Zero layer=Top
 C20  (  98.53,    5.48) mm  rot=Zero layer=Top
