---
source: crates/synth-place/tests/snapshots.rs
expression: snapshot
---
board_outline_mm: 115.04 x 95.40

  U1  (  57.85,   47.85) mm  rot=Zero layer=Top
  U2  (  31.15,   33.35) mm  rot=Zero layer=Top
  U3  (  85.45,   33.45) mm  rot=Zero layer=Top
  U4  (  85.45,   45.45) mm  rot=Zero layer=Top
  U5  (  90.45,   70.45) mm  rot=Zero layer=Top
  U6  (  85.16,   57.29) mm  rot=Zero layer=Top
  U7  (  83.16,   69.29) mm  rot=Zero layer=Top
  U8  (  85.25,   82.55) mm  rot=Zero layer=Top
  U9  (  84.95,   89.70) mm  rot=Zero layer=Top
  J1  (  31.07,    9.46) mm  rot=OneEighty layer=Top
  J2  (  11.05,   33.20) mm  rot=Ninety layer=Top
  J3  (  10.05,   45.20) mm  rot=Ninety layer=Top
  J4  (   6.52,   58.33) mm  rot=Zero layer=Top
  J5  ( 108.52,   48.33) mm  rot=Zero layer=Top
  Y1  (  31.25,   18.25) mm  rot=Zero layer=Top
  C1  (  22.55,   42.85) mm  rot=Zero layer=Top
  C2  (  32.05,   42.85) mm  rot=Zero layer=Top
  C3  (  13.05,   23.85) mm  rot=Zero layer=Top
  D1  (  42.07,   29.27) mm  rot=Zero layer=Top
  D2  (  42.57,   18.27) mm  rot=Zero layer=Top
  D3  (  75.69,   70.06) mm  rot=Zero layer=Top
  D4  (  75.18,   61.28) mm  rot=Zero layer=Top
  D5  (  50.05,   60.30) mm  rot=Zero layer=Top
  D6  (  58.00,   75.50) mm  rot=Zero layer=Top
  D7  (  58.00,   38.50) mm  rot=Zero layer=Top
  R1  (  58.00,    9.50) mm  rot=Zero layer=Top
  R2  (  12.43,    6.80) mm  rot=Zero layer=Top
  R3  (  75.70,   49.12) mm  rot=Zero layer=Top
  R4  (  68.11,   49.41) mm  rot=Zero layer=Top
  R5  (  58.00,   57.50) mm  rot=Zero layer=Top
  R6  (  63.21,   63.50) mm  rot=Zero layer=Top
  R7  (  68.14,   69.80) mm  rot=Zero layer=Top
  R8  (  67.50,   57.50) mm  rot=Zero layer=Top
  R9  (  42.50,   63.50) mm  rot=Zero layer=Top
 R10  (  58.00,   69.50) mm  rot=Zero layer=Top
 R11  (  48.50,   38.50) mm  rot=Zero layer=Top
 R12  (  94.81,   89.17) mm  rot=Zero layer=Top
 R13  (  93.00,   83.00) mm  rot=Zero layer=Top
 R14  (  53.93,   87.62) mm  rot=Zero layer=Top
 R15  (  95.50,   48.00) mm  rot=Zero layer=Top
 R16  (  58.00,   81.50) mm  rot=Zero layer=Top
 R17  (  16.85,   85.80) mm  rot=Zero layer=Top
 R18  (  98.50,    7.50) mm  rot=Zero layer=Top
  C4  (  30.50,   75.50) mm  rot=Zero layer=Top
  C5  (  24.50,   81.50) mm  rot=Zero layer=Top
  C6  (  19.32,   12.95) mm  rot=Zero layer=Top
  C7  (  57.21,   32.50) mm  rot=Zero layer=Top
  C8  (  50.59,   15.50) mm  rot=Zero layer=Top
  C9  (  58.00,   26.50) mm  rot=Zero layer=Top
 C10  (  30.96,   54.40) mm  rot=Zero layer=Top
 C11  (  36.50,   69.50) mm  rot=Zero layer=Top
 C12  (  80.50,   25.50) mm  rot=Zero layer=Top
 C13  (  22.77,   49.35) mm  rot=Zero layer=Top
 C14  (  73.50,   32.50) mm  rot=Zero layer=Top
 C15  (  40.19,   44.92) mm  rot=Zero layer=Top
 C16  (  92.50,   13.50) mm  rot=Zero layer=Top
 C17  (  67.50,   38.50) mm  rot=Zero layer=Top
 C18  (  42.04,   54.45) mm  rot=Zero layer=Top
 C19  (  22.32,   22.95) mm  rot=Zero layer=Top
 C20  (  86.50,   19.50) mm  rot=Zero layer=Top
 SW1  (  19.55,   60.47) mm  rot=Zero layer=Top
 SW2  (  12.61,   72.03) mm  rot=Zero layer=Top
