---
source: crates/synth-place/tests/snapshots.rs
expression: snapshot
---
board_outline_mm: 93.90 x 66.48

  U1  (  46.85,   37.85) mm  rot=Zero layer=Top
  U2  (  47.45,   46.45) mm  rot=Zero layer=Top
  U3  (  64.70,   26.55) mm  rot=Zero layer=Top
  U4  (  24.88,   26.88) mm  rot=Zero layer=Top
  J1  (  25.07,    9.46) mm  rot=OneEighty layer=Top
  J2  (   9.05,   26.20) mm  rot=Ninety layer=Top
ANT1  (  85.45,   26.10) mm  rot=Zero layer=Top
  Y1  (  47.25,   29.25) mm  rot=Zero layer=Top
  C8  (  73.85,   45.15) mm  rot=Zero layer=Top
  R1  (  26.32,   19.45) mm  rot=Zero layer=Top
  R2  (  13.32,   12.95) mm  rot=Zero layer=Top
  R3  (  37.66,   50.90) mm  rot=Zero layer=Top
  R4  (  36.66,   41.47) mm  rot=Zero layer=Top
  R5  (  57.55,   50.80) mm  rot=Zero layer=Top
  R6  (  65.55,   45.05) mm  rot=Zero layer=Top
  C1  (  37.50,   28.50) mm  rot=Zero layer=Top
  C2  (  47.00,   54.50) mm  rot=Zero layer=Top
  C3  (  47.00,   21.50) mm  rot=Zero layer=Top
  C4  (  30.00,   55.00) mm  rot=Zero layer=Top
  C5  (  29.00,   38.00) mm  rot=Zero layer=Top
  C6  (  65.50,   56.50) mm  rot=Zero layer=Top
  C7  (  49.92,   60.55) mm  rot=Zero layer=Top
  C9  (  47.00,   15.50) mm  rot=Zero layer=Top
 C10  (  24.00,   61.00) mm  rot=Zero layer=Top
 C11  (  39.25,   21.25) mm  rot=Zero layer=Top
