---
source: crates/synth-place/tests/snapshots.rs
assertion_line: 80
expression: snapshot
---
board_outline_mm: 90.90 x 61.52

  U1  (  43.85,   36.85) mm  rot=Zero layer=Top
  U2  (  44.45,   45.45) mm  rot=Zero layer=Top
  U3  (  62.25,   25.25) mm  rot=Zero layer=Top
  U4  (  22.88,   25.88) mm  rot=Zero layer=Top
  J1  (  22.07,    8.90) mm  rot=OneEighty layer=Top
  J2  (   6.60,   25.20) mm  rot=Ninety layer=Top
ANT1  (  82.45,   25.10) mm  rot=Zero layer=Top
  Y1  (  44.25,   28.25) mm  rot=Zero layer=Top
  C8  (  62.25,   33.25) mm  rot=Zero layer=Top
  R1  (  31.32,   21.50) mm  rot=Zero layer=Top
  R2  (  10.32,   13.51) mm  rot=Zero layer=Top
  R3  (  34.66,   49.90) mm  rot=Zero layer=Top
  R4  (  33.66,   40.47) mm  rot=Zero layer=Top
  R5  (  54.55,   40.30) mm  rot=Zero layer=Top
  R6  (  62.25,   17.25) mm  rot=Zero layer=Top
  C1  (  34.50,   27.50) mm  rot=Zero layer=Top
  C2  (  53.50,   27.50) mm  rot=Zero layer=Top
  C3  (  54.50,   47.50) mm  rot=Zero layer=Top
  C4  (  44.00,   53.50) mm  rot=Zero layer=Top
  C5  (  44.00,   20.50) mm  rot=Zero layer=Top
  C6  (  60.50,   53.50) mm  rot=Zero layer=Top
  C7  (  34.42,   56.05) mm  rot=Zero layer=Top
  C9  (  26.50,   54.50) mm  rot=Zero layer=Top
 C10  (  26.00,   37.00) mm  rot=Zero layer=Top
 C11  (  52.25,   20.25) mm  rot=Zero layer=Top
